# initializing database system by copying initdb template
# using temp instance on port 55312 with PID 36363
# command failed: "psql" -X -q -c "CREATE DATABASE \"regression\" TEMPLATE=template0" -c "ALTER DATABASE \"regression\" SET lc_messages TO 'C';ALTER DATABASE \"regression\" SET lc_monetary TO 'C';ALTER DATABASE \"regression\" SET lc_numeric TO 'C';ALTER DATABASE \"regression\" SET lc_time TO 'C';ALTER DATABASE \"regression\" SET bytea_output TO 'hex';ALTER DATABASE \"regression\" SET timezone_abbreviations TO 'Default';" "postgres"Bail out!
